// Jest Snapshot v1, https://goo.gl/fbAQLP

exports[`Calculator component header renders as exepcted 1`] = `
<section
  className="flex"
  data-testid="calculator"
  id="calculator"
>
  <h1>
    Let's make some calculations
  </h1>
  <div
    className="calculatorWrapper flex"
  >
    <p
      className="screen flex"
      data-testid="display"
    >
       
       
    </p>
    <div
      className="btns flex"
    >
      <div
        className="numbers"
      >
        <div
          className="specialCharacters btn-grid"
        >
           
          <button
            className="symbol"
            onClick={[Function]}
            type="button"
          >
            AC
          </button>
          <button
            className="symbol"
            onClick={[Function]}
            type="button"
          >
            +/-
          </button>
          <button
            className="symbol"
            onClick={[Function]}
            type="button"
          >
            %
          </button>
        </div>
        <div
          className="firstRow btn-grid"
        >
          <button
            className="number"
            onClick={[Function]}
            type="button"
            value="7"
          >
            7
          </button>
          <button
            className="number"
            onClick={[Function]}
            type="button"
            value="8"
          >
            8
          </button>
          <button
            className="number"
            onClick={[Function]}
            type="button"
            value="9"
          >
            9
          </button>
        </div>
        <div
          className="secondRow btn-grid"
        >
          <button
            className="number"
            onClick={[Function]}
            type="button"
            value="4"
          >
            4
          </button>
          <button
            className="number"
            onClick={[Function]}
            type="button"
            value="5"
          >
            5
          </button>
          <button
            className="number"
            onClick={[Function]}
            type="button"
            value="6"
          >
            6
          </button>
        </div>
        <div
          className="thirdRow btn-grid"
        >
          <button
            className="number"
            onClick={[Function]}
            type="button"
            value="1"
          >
            1
          </button>
          <button
            className="number"
            onClick={[Function]}
            type="button"
            value="2"
          >
            2
          </button>
          <button
            className="number"
            onClick={[Function]}
            type="button"
            value="3"
          >
            3
          </button>
        </div>
        <div
          className="fourthRow"
        >
          <button
            className="number"
            id="double"
            onClick={[Function]}
            type="button"
            value="0"
          >
            0
          </button>
          <button
            className="symbol"
            onClick={[Function]}
            type="button"
          >
            .
          </button>
        </div>
      </div>
      <div
        className="operators flex"
      >
        <button
          className="symbol"
          onClick={[Function]}
          type="button"
        >
          รท
        </button>
        <button
          className="symbol"
          onClick={[Function]}
          type="button"
        >
          x
        </button>
        <button
          className="symbol"
          onClick={[Function]}
          type="button"
        >
          -
        </button>
        <button
          className="symbol"
          onClick={[Function]}
          type="button"
        >
          +
        </button>
        <button
          className="symbol"
          onClick={[Function]}
          type="button"
        >
          =
        </button>
      </div>
    </div>
  </div>
</section>
`;
