// Jest Snapshot v1, https://goo.gl/fbAQLP

exports[`Quote component header renders as exepcted 1`] = `
<section
  className="quote-content"
>
  <div
    className="quote-header"
  >
    <h1>
      Quote of the Day
    </h1>
  </div>
  <div
    className="text-container"
  >
    <p
      className="text-content"
    >
      Life is a math equation. In order to gain the most, you have to know how to convert negatives into positives.
    </p>
    <p
      className="text-content"
    >
      <strong>
        <em>
          â€” Anonymous
        </em>
      </strong>
    </p>
  </div>
</section>
`;
